# function entry points for genclntsh.sh

network : snaumihi_inithostinfo
network : snaumbg_gmt
network : naedpwd_encrypt
network : naumbsb_bld_singlebyte
network : nlgh
network : nsdhctx_establish
network : nsdhctx_respond
network : nsdhctx_close
network : nsdhctx_inuse
network : snlsmDscFromString
network : snlsmCreate
network : snlsmDestroy
network : snlsmDscToString
network : ngsmutl_init_ul
network : ngsmutl_init_com
network : ngsmutl_destroy
network : ngsmutl_add_value
network : ngsmutl_add_type
network : ngsmutl_convert_key
network : ngsmutl_make_hash_type
network : ngsmutl_key_hash
network : ngsmutl_key_init
network : ngsmutl_key_save
network : ngsmutl_key_copy
network : ngsmutl_key_free
network : ngsmutl_key_cmpns
network : ngsmutl_key_cmp_optimistic 
network : ngsmutl_sort
network : ngsmuit_new
network : ngsmuit_root
network : ngsmuit_find_node
network : ngsmuit_find_nodes
network : ngsmuit_find_insts
network : ngsmuit_insert
network : ngsmuit_delete
network : ngsmuit_remove_inst_opt
network : ngsmuit_add_inst
network : ngsmuit_destroy
network : ngsmsl_init
network : ngsmsl_terminate
network : ngsmsl_sdbctx_init
network : ngsmsl_sdbctx_terminate
network : ngsmsl_key_init
network : ngsmsl_shardkey_add_column
network : ngsmsl_key2base64
network : ngsmsl_shardkey_free
network : ngsmsl_build_topology
network : ngsmsl_lookup_insts
network : ngsmsl_chunk_down
network : ngsmsl_chunk_up
network : ngsmsl_remove_inst
network : snlsinf
network : snlsinfs
network : snlsinfwf
network : snlsinfi
network : snlsinft
